// Vitest Snapshot v1, https://vitest.dev/guide/snapshot.html

exports[`PipelineTransform > distributeVotesByPartyShare > should distribute votes by party share 1`] = `
{
  "districts": [
    {
      "jeloltek": {
        "party-a": [
          "candidate A",
        ],
        "party-b": [
          "candidate B",
        ],
      },
      "megye": "Teszt",
      "megyekod": 1,
      "oevk": 1,
      "partok": {
        "party-a": 50,
        "party-b": 25,
      },
      "telepules": "Teszt",
      "valasztopolgar": 300,
    },
  ],
  "percentages": {
    "party-a": 0.6666666666666666,
    "party-b": 0.3333333333333333,
  },
  "totalVotes": 75,
  "totals": {
    "party-a": 50,
    "party-b": 25,
  },
}
`;

exports[`PipelineTransform > modifyByMotivation > should modify votes by motivation target 1`] = `
{
  "newCandidateData": [
    {
      "jeloltek": {
        "ellenzek": [
          "Candidate B",
        ],
        "fidesz": [
          "Candidate A",
        ],
      },
      "megye": "BP",
      "megyekod": 1,
      "oevk": 1,
      "partok": {
        "ellenzek": 0,
        "fidesz": 1200,
        "mkkp": undefined,
      },
      "telepules": "",
      "valasztopolgar": 600000,
    },
    {
      "megye": "BP",
      "megyekod": 1,
      "oevk": 2,
      "partok": {
        "ellenzek": 0,
        "fidesz": 800,
      },
      "telepules": "",
      "valasztopolgar": 600000,
    },
  ],
  "newPartyData": [
    {
      "megye": "BP",
      "megyekod": 1,
      "oevk": 1,
      "partok": {
        "ellenzek": 0,
        "fidesz": 5000,
        "mkkp": 3000,
      },
      "telepules": "",
    },
    {
      "megye": "BP",
      "megyekod": 1,
      "oevk": 2,
      "partok": {
        "ellenzek": 0,
        "fidesz": 3000,
      },
      "telepules": "",
    },
  ],
}
`;

exports[`PipelineTransform > should distribute votes by party share 1`] = `
{
  "districts": [
    {
      "jeloltek": {
        "party-a": [
          "candidate A",
        ],
        "party-b": [
          "candidate B",
        ],
      },
      "megye": "Teszt",
      "megyekod": 1,
      "oevk": 1,
      "partok": {
        "party-a": 50,
        "party-b": 25,
      },
      "telepules": "Teszt",
      "valasztopolgar": 300,
    },
  ],
  "percentages": {
    "party-a": 0.6666666666666666,
    "party-b": 0.3333333333333333,
  },
  "totalVotes": 75,
  "totals": {
    "party-a": 50,
    "party-b": 25,
  },
}
`;
