// Vitest Snapshot v1, https://vitest.dev/guide/snapshot.html

exports[`ElectionEngine > asd 1`] = `
{
  "newCandidateData": [
    {
      "megye": "Test",
      "megyekod": 1,
      "oevk": 1,
      "partok": {
        "major": 10,
        "minor": 9,
      },
      "telepules": "",
      "valasztopolgar": 600000,
    },
  ],
  "newPartyData": [
    {
      "megye": "Test",
      "megyekod": 1,
      "oevk": 1,
      "partok": {
        "major": 10,
        "minor": 9,
      },
    },
  ],
}
`;
