// Vitest Snapshot v1, https://vitest.dev/guide/snapshot.html

exports[`useElectionState > should initialize state 1`] = `
{
  "activeCampaignId": "mock_campaign",
  "answerEffects": undefined,
  "candidateListData": [
    {
      "jeloltek": {},
      "megye": "Test",
      "megyekod": 1,
      "oevk": 1,
      "partok": {
        "_other": 0,
        "party_a": 3000,
        "party_b": 2000,
      },
      "telepules": "Testville",
      "valasztopolgar": 10000,
    },
  ],
  "currentQuestion": undefined,
  "isBaseResultsAlreadyApplied": true,
  "isEnded": false,
  "partyListData": [
    {
      "megye": "Test",
      "megyekod": 1,
      "oevk": 1,
      "partok": {
        "_other": 0,
        "party_a": 5000,
        "party_b": 4000,
      },
    },
  ],
  "pollingOpnions": {
    "candidateListData": [
      {
        "jeloltek": {},
        "megye": "Test",
        "megyekod": 1,
        "oevk": 1,
        "partok": {
          "_other": 0,
          "party_a": 3001,
          "party_b": 1994,
        },
        "telepules": "Testville",
        "valasztopolgar": 10000,
      },
    ],
    "partyListData": [
      {
        "megye": "Test",
        "megyekod": 1,
        "oevk": 1,
        "partok": {
          "_other": 0,
          "party_a": 5001,
          "party_b": 3989,
        },
      },
    ],
    "percentages": {
      "_other": 0,
      "_total": 1,
      "party_a": 0.6008008008008008,
      "party_b": 0.3991991991991992,
    },
    "selectedPollsterId": "aggregate",
  },
  "results": {
    "compensation": {
      "losingVotes": {
        "party_b": 2000,
      },
      "total": {
        "party_a": 999,
        "party_b": 2000,
      },
      "winnerCompensation": {
        "party_a": 999,
      },
    },
    "constituencySeats": {
      "party_a": 1,
    },
    "listSeats": {
      "party_a": 5,
      "party_b": 5,
    },
    "mandates": [
      {
        "constituencySeats": 1,
        "listSeats": 5,
        "party": "party_a",
        "totalSeats": 6,
      },
      {
        "constituencySeats": 0,
        "listSeats": 5,
        "party": "party_b",
        "totalSeats": 5,
      },
    ],
    "percentages": {
      "_other": 0,
      "_total": 1,
      "party_a": 0.6,
      "party_b": 0.4,
    },
    "totals": {
      "_other": 0,
      "party_a": 3000,
      "party_b": 2000,
    },
  },
  "turn": 0,
}
`;
