// Vitest Snapshot v1, https://vitest.dev/guide/snapshot.html

exports[`CampaignEngine > should apply district typed decision 1`] = `
{
  "activeCampaignId": "test-campaign",
  "candidateListData": [
    {
      "jeloltek": {
        "ellenzek": [
          "Candidate B",
        ],
        "fidesz": [
          "Candidate A",
        ],
      },
      "megye": "BP",
      "megyekod": 1,
      "oevk": 1,
      "partok": {
        "ellenzek": 11000,
        "fidesz": 12000,
        "mkkp": undefined,
      },
      "telepules": "",
      "valasztopolgar": 600000,
    },
    {
      "megye": "BP",
      "megyekod": 1,
      "oevk": 2,
      "partok": {
        "ellenzek": 9000,
        "fidesz": 8000,
      },
      "telepules": "",
      "valasztopolgar": 600000,
    },
  ],
  "isEnded": false,
  "partyListData": [
    {
      "megye": "BP",
      "megyekod": 1,
      "oevk": 1,
      "partok": {
        "ellenzek": 40000,
        "fidesz": 50000,
        "mkkp": 3000,
      },
      "telepules": "",
    },
    {
      "megye": "BP",
      "megyekod": 1,
      "oevk": 2,
      "partok": {
        "ellenzek": 35000,
        "fidesz": 30000,
      },
      "telepules": "",
    },
  ],
  "turn": 0,
}
`;

exports[`CampaignEngine > should apply motivation typed decision 1`] = `
{
  "activeCampaignId": "test-campaign",
  "candidateListData": [
    {
      "jeloltek": {
        "ellenzek": [
          "Candidate B",
        ],
        "fidesz": [
          "Candidate A",
        ],
      },
      "megye": "BP",
      "megyekod": 1,
      "oevk": 1,
      "partok": {
        "ellenzek": 11000,
        "fidesz": 12000,
        "mkkp": undefined,
      },
      "telepules": "",
      "valasztopolgar": 600000,
    },
    {
      "megye": "BP",
      "megyekod": 1,
      "oevk": 2,
      "partok": {
        "ellenzek": 9000,
        "fidesz": 8000,
      },
      "telepules": "",
      "valasztopolgar": 600000,
    },
  ],
  "isEnded": false,
  "partyListData": [
    {
      "megye": "BP",
      "megyekod": 1,
      "oevk": 1,
      "partok": {
        "ellenzek": 40000,
        "fidesz": 50000,
        "mkkp": 3000,
      },
      "telepules": "",
    },
    {
      "megye": "BP",
      "megyekod": 1,
      "oevk": 2,
      "partok": {
        "ellenzek": 35000,
        "fidesz": 30000,
      },
      "telepules": "",
    },
  ],
  "turn": 0,
}
`;

exports[`CampaignEngine > should apply party-share typed decision 1`] = `
{
  "activeCampaignId": "test-campaign",
  "candidateListData": [
    {
      "jeloltek": {
        "ellenzek": [
          "Candidate B",
        ],
        "fidesz": [
          "Candidate A",
        ],
      },
      "megye": "BP",
      "megyekod": 1,
      "oevk": 1,
      "partok": {
        "ellenzek": 11000,
        "fidesz": 12000,
        "mkkp": undefined,
      },
      "telepules": "",
      "valasztopolgar": 600000,
    },
    {
      "megye": "BP",
      "megyekod": 1,
      "oevk": 2,
      "partok": {
        "ellenzek": 9000,
        "fidesz": 8000,
      },
      "telepules": "",
      "valasztopolgar": 600000,
    },
  ],
  "isEnded": false,
  "partyListData": [
    {
      "megye": "BP",
      "megyekod": 1,
      "oevk": 1,
      "partok": {
        "ellenzek": 40000,
        "fidesz": 50000,
        "mkkp": 3000,
      },
      "telepules": "",
    },
    {
      "megye": "BP",
      "megyekod": 1,
      "oevk": 2,
      "partok": {
        "ellenzek": 35000,
        "fidesz": 30000,
      },
      "telepules": "",
    },
  ],
  "turn": 0,
}
`;

exports[`CampaignEngine > should apply the party-swing typed decision 1`] = `
{
  "activeCampaignId": "test-campaign",
  "candidateListData": [
    {
      "jeloltek": {
        "ellenzek": [
          "Candidate B",
        ],
        "fidesz": [
          "Candidate A",
        ],
      },
      "megye": "BP",
      "megyekod": 1,
      "oevk": 1,
      "partok": {
        "ellenzek": 11000,
        "fidesz": 12000,
        "mkkp": undefined,
      },
      "telepules": "",
      "valasztopolgar": 600000,
    },
    {
      "megye": "BP",
      "megyekod": 1,
      "oevk": 2,
      "partok": {
        "ellenzek": 9000,
        "fidesz": 8000,
      },
      "telepules": "",
      "valasztopolgar": 600000,
    },
  ],
  "isEnded": false,
  "partyListData": [
    {
      "megye": "BP",
      "megyekod": 1,
      "oevk": 1,
      "partok": {
        "ellenzek": 40000,
        "fidesz": 50000,
        "mkkp": 3000,
      },
      "telepules": "",
    },
    {
      "megye": "BP",
      "megyekod": 1,
      "oevk": 2,
      "partok": {
        "ellenzek": 35000,
        "fidesz": 30000,
      },
      "telepules": "",
    },
  ],
  "turn": 0,
}
`;
