// Vitest Snapshot v1, https://vitest.dev/guide/snapshot.html

exports[`createCampaignEngine > should create a new campaign engine instance 1`] = `
CampaignEngine {
  "StateEngine": StateEngine {
    "storage": StorageEngine {},
  },
  "answers": [],
  "effectApplier": EffectApplier {
    "DEFAULT_MOTIVATION_DELTA": 99,
    "EPSILON": 0.000001,
    "mandateCalculator": MandateCalculator {
      "config": {
        "listSeats": 10,
        "thresholdPercent": 5,
      },
    },
  },
  "initialCandidateData": [
    {
      "jeloltek": {
        "ellenzek": [
          "Candidate B",
        ],
        "fidesz": [
          "Candidate A",
        ],
      },
      "megye": "BP",
      "megyekod": 1,
      "oevk": 1,
      "partok": {
        "ellenzek": 11000,
        "fidesz": 12000,
        "mkkp": undefined,
      },
      "telepules": "",
      "valasztopolgar": 600000,
    },
    {
      "megye": "BP",
      "megyekod": 1,
      "oevk": 2,
      "partok": {
        "ellenzek": 9000,
        "fidesz": 8000,
      },
      "telepules": "",
      "valasztopolgar": 600000,
    },
  ],
  "initialPartyData": [
    {
      "megye": "BP",
      "megyekod": 1,
      "oevk": 1,
      "partok": {
        "ellenzek": 40000,
        "fidesz": 50000,
        "mkkp": 3000,
      },
      "telepules": "",
    },
    {
      "megye": "BP",
      "megyekod": 1,
      "oevk": 2,
      "partok": {
        "ellenzek": 35000,
        "fidesz": 30000,
      },
      "telepules": "",
    },
  ],
  "mandateCalculator": MandateCalculator {
    "config": {
      "listSeats": 10,
      "thresholdPercent": 5,
    },
  },
  "questions": [],
  "resultModifier": ResultModifier {
    "districtTargetTransform": DistrictTargetTransform {
      "voterEnvironment": VoterEnvironment {
        "maxAvailableVoters": 6983008,
        "voterBases": [
          {
            "id": "1-1",
            "valasztopolgar": 600000,
          },
          {
            "id": "1-2",
            "valasztopolgar": 600000,
          },
        ],
        "voters": 40000,
      },
    },
    "nationalSwingTransform": NationalSwingTransform {},
    "pipelineTransform": PipelineTransform {
      "mandateCalculator": MandateCalculator {
        "config": {
          "listSeats": 10,
          "thresholdPercent": 5,
        },
      },
      "voteAllocationTransform": VoteAllocationTransform {},
      "voterEnvironment": VoterEnvironment {
        "maxAvailableVoters": 6983008,
        "voterBases": [
          {
            "id": "1-1",
            "valasztopolgar": 600000,
          },
          {
            "id": "1-2",
            "valasztopolgar": 600000,
          },
        ],
        "voters": 40000,
      },
    },
  },
}
`;
