// Vitest Snapshot v1, https://vitest.dev/guide/snapshot.html

exports[`createCampaignEngine > should create a new campaign engine instance 1`] = `
{
  "campaignEngine": CampaignEngine {
    "advisorFeedback": undefined,
    "answers": [],
    "effectApplier": EffectApplier {
      "DEFAULT_MOTIVATION_DELTA": 99,
      "districtGroupEngine": undefined,
      "gameConfigEngine": GameConfigEngine {
        "electionConfig": {
          "listSeats": 10,
          "parties": [],
          "thresholdPercent": 5,
        },
        "listeners": [],
        "storage": StorageEngine {
          "getItem": [Function],
          "getLocalStorageItem": [Function],
          "getPrefixedKey": [Function],
          "setItem": [Function],
        },
      },
      "mandateCalculator": MandateCalculator {
        "configEngine": GameConfigEngine {
          "electionConfig": {
            "listSeats": 10,
            "parties": [],
            "thresholdPercent": 5,
          },
          "listeners": [],
          "storage": StorageEngine {
            "getItem": [Function],
            "getLocalStorageItem": [Function],
            "getPrefixedKey": [Function],
            "setItem": [Function],
          },
        },
      },
      "stateHandler": StateHandler {
        "listeners": [],
        "state": {
          "currentConfig": undefined,
          "gameState": {
            "candidateListData": [],
            "isEnded": false,
            "partyListData": [],
            "turn": 0,
          },
          "history": [],
        },
      },
    },
    "initialCandidateData": [
      {
        "jeloltek": {
          "ellenzek": [
            "Candidate B",
          ],
          "fidesz": [
            "Candidate A",
          ],
        },
        "megye": "BP",
        "megyekod": 1,
        "oevk": 1,
        "partok": {
          "ellenzek": 11000,
          "fidesz": 12000,
          "mkkp": undefined,
        },
        "telepules": "",
        "valasztopolgar": 600000,
      },
      {
        "megye": "BP",
        "megyekod": 1,
        "oevk": 2,
        "partok": {
          "ellenzek": 9000,
          "fidesz": 8000,
        },
        "telepules": "",
        "valasztopolgar": 600000,
      },
    ],
    "initialPartyData": [
      {
        "megye": "BP",
        "megyekod": 1,
        "oevk": 1,
        "partok": {
          "ellenzek": 40000,
          "fidesz": 50000,
          "mkkp": 3000,
        },
        "telepules": "",
      },
      {
        "megye": "BP",
        "megyekod": 1,
        "oevk": 2,
        "partok": {
          "ellenzek": 35000,
          "fidesz": 30000,
        },
        "telepules": "",
      },
    ],
    "mandateCalculator": MandateCalculator {
      "configEngine": GameConfigEngine {
        "electionConfig": {
          "listSeats": 10,
          "parties": [],
          "thresholdPercent": 5,
        },
        "listeners": [],
        "storage": StorageEngine {
          "getItem": [Function],
          "getLocalStorageItem": [Function],
          "getPrefixedKey": [Function],
          "setItem": [Function],
        },
      },
    },
    "questions": [],
    "resultModifier": ResultModifier {
      "districtVoteTransformer": DistrictVoteTransformer {
        "voterEnvironment": VoterEnvironment {
          "maxAvailableVoters": 6983008,
          "voterBases": [
            {
              "id": "1-1",
              "valasztopolgar": 600000,
            },
            {
              "id": "1-2",
              "valasztopolgar": 600000,
            },
          ],
          "voters": 40000,
        },
      },
      "unionSwingTransformer": UnionSwingTransformer {},
      "voterShareTransformer": VoteShareTransformer {
        "voterEnviroment": VoterEnvironment {
          "maxAvailableVoters": 6983008,
          "voterBases": [
            {
              "id": "1-1",
              "valasztopolgar": 600000,
            },
            {
              "id": "1-2",
              "valasztopolgar": 600000,
            },
          ],
          "voters": 40000,
        },
      },
    },
  },
  "configEngine": GameConfigEngine {
    "electionConfig": {
      "listSeats": 10,
      "parties": [],
      "thresholdPercent": 5,
    },
    "listeners": [],
    "storage": StorageEngine {
      "getItem": [Function],
      "getLocalStorageItem": [Function],
      "getPrefixedKey": [Function],
      "setItem": [Function],
    },
  },
}
`;
