// Vitest Snapshot v1, https://vitest.dev/guide/snapshot.html

exports[`PipelineTransform > distributeVotesByPartyShare > should distribute votes by party share 1`] = `
{
  "candidateList": [
    {
      "jeloltek": {
        "party-a": [
          "candidate A",
        ],
        "party-b": [
          "candidate B",
        ],
      },
      "megye": "Teszt",
      "megyekod": 1,
      "oevk": 1,
      "partok": {
        "party-a": 50,
        "party-b": 25,
      },
      "telepules": "Teszt",
      "valasztopolgar": 300,
    },
  ],
  "partyList": [
    {
      "megye": "Teszt",
      "megyekod": 1,
      "oevk": 1,
      "partok": {
        "party-a": 50,
        "party-b": 25,
      },
    },
  ],
}
`;

exports[`PipelineTransform > modifyByMotivation > should modify votes by motivation target 1`] = `
{
  "newCandidateData": [
    {
      "jeloltek": {
        "party_a": [
          "Candidate A",
        ],
        "party_b": [
          "Candidate B",
        ],
      },
      "megye": "BP",
      "megyekod": 1,
      "oevk": 1,
      "partok": {
        "party_a": 12000,
        "party_b": 11000,
        "party_c": undefined,
      },
      "telepules": "",
      "valasztopolgar": 600000,
    },
    {
      "megye": "BP",
      "megyekod": 1,
      "oevk": 2,
      "partok": {
        "party_a": 9000,
        "party_b": 8000,
      },
      "telepules": "",
      "valasztopolgar": 600000,
    },
  ],
  "newPartyData": [
    {
      "megye": "BP",
      "megyekod": 1,
      "oevk": 1,
      "partok": {
        "party_a": 50000,
        "party_b": 40000,
        "party_c": 3000,
      },
    },
    {
      "megye": "BP",
      "megyekod": 1,
      "oevk": 2,
      "partok": {
        "party_a": 30000,
        "party_b": 35000,
      },
    },
  ],
}
`;
